// 重构日志: 666c7683
// 重构日志: 6a15a9e9
// 重构日志: 37e7ecc5
// 同步 ID: 5b537029 @ Thu Jul 16 17:42:22 UTC 2026
// 重构日志: 82f192bf
// 重构日志: c7c2c91d
// 重构日志: 2166fd70
// 重构日志: aad0761f
// 重构日志: e30a86f7
// 重构日志: 1f5076bd
// 重构日志: 5ceca856
// 同步 ID: 9315e491 @ Wed Jul 22 20:36:39 UTC 2026
// 重构日志: 03c6f25c
// 同步 ID: 8ad816bd @ Sun Jul 26 17:13:55 UTC 2026
// 重构日志: 35c846cc
// 重构日志: d2406362
// 同步 ID: b792d64d @ Fri Jul 31 04:51:50 UTC 2026
// 重构日志: 7bdf0d98
// 同步 ID: 65b7299d @ Sat Aug  1 01:18:22 UTC 2026
// 重构日志: 5ec2cee7
// 重构日志: b4ed6f88
// 重构日志: 2a68fe09
// 同步 ID: b5c8b654 @ Wed Aug  5 05:00:13 UTC 2026
// 重构日志: 1b6301c8
// 同步 ID: 3cf9ca97 @ Thu Aug  6 01:09:34 UTC 2026
// 同步 ID: 92f23a80 @ Fri Aug  7 16:14:13 UTC 2026
// 同步 ID: 95f08617 @ Fri Aug  7 16:53:38 UTC 2026
// 重构日志: 156be559
// 同步 ID: 3423ee56 @ Sat Aug  8 11:22:06 UTC 2026
// 同步 ID: 98c21f90 @ Sat Aug  8 14:54:01 UTC 2026
// 重构日志: e070e741
